2026-09-02T17:28:04.278+02:00  INFO 5508 --- [testspring] [restartedMain] o.c.c.testspring.TestspringApplication   : Starting TestspringApplication using Java 21.0.11 with PID 5508 (C:\Users\Profesortarde\EclipseProjects\testspring\target\classes started by Profesortarde in C:\Users\Profesortarde\EclipseProjects\testspring)
2026-09-02T17:28:04.285+02:00  INFO 5508 --- [testspring] [restartedMain] o.c.c.testspring.TestspringApplication   : No active profile set, falling back to 1 default profile: "default"
2026-09-02T17:28:04.998+02:00  INFO 5508 --- [testspring] [restartedMain] .e.DevToolsPropertyDefaultsPostProcessor : Devtools property defaults active! Set 'spring.devtools.add-properties' to 'false' to disable
2026-09-02T17:28:04.999+02:00  INFO 5508 --- [testspring] [restartedMain] .e.DevToolsPropertyDefaultsPostProcessor : For additional web related logging consider setting the 'logging.level.web' property to 'DEBUG'
2026-09-02T17:28:06.275+02:00  INFO 5508 --- [testspring] [restartedMain] .s.d.r.c.RepositoryConfigurationDelegate : Bootstrapping Spring Data JPA repositories in DEFAULT mode.
2026-09-02T17:28:06.368+02:00  INFO 5508 --- [testspring] [restartedMain] .s.d.r.c.RepositoryConfigurationDelegate : Finished Spring Data repository scanning in 78 ms. Found 6 JPA repository interfaces.
2026-09-02T17:28:07.174+02:00  INFO 5508 --- [testspring] [restartedMain] o.s.b.w.embedded.tomcat.TomcatWebServer  : Tomcat initialized with port 8080 (http)
2026-09-02T17:28:07.197+02:00  INFO 5508 --- [testspring] [restartedMain] o.apache.catalina.core.StandardService   : Starting service [Tomcat]
2026-09-02T17:28:07.197+02:00  INFO 5508 --- [testspring] [restartedMain] o.apache.catalina.core.StandardEngine    : Starting Servlet engine: [Apache Tomcat/10.1.55]
2026-09-02T17:28:07.277+02:00  INFO 5508 --- [testspring] [restartedMain] o.a.c.c.C.[.[localhost].[/testspring]    : Initializing Spring embedded WebApplicationContext
2026-09-02T17:28:07.278+02:00  INFO 5508 --- [testspring] [restartedMain] w.s.c.ServletWebServerApplicationContext : Root WebApplicationContext: initialization completed in 2274 ms
2026-09-02T17:28:07.505+02:00  INFO 5508 --- [testspring] [restartedMain] com.zaxxer.hikari.HikariDataSource       : HikariPool-1 - Starting...
2026-09-02T17:28:07.748+02:00  INFO 5508 --- [testspring] [restartedMain] com.zaxxer.hikari.pool.HikariPool        : HikariPool-1 - Added connection conn0: url=jdbc:h2:mem:testspring user=SAS
2026-09-02T17:28:07.754+02:00  INFO 5508 --- [testspring] [restartedMain] com.zaxxer.hikari.HikariDataSource       : HikariPool-1 - Start completed.
2026-09-02T17:28:07.902+02:00  INFO 5508 --- [testspring] [restartedMain] o.hibernate.jpa.internal.util.LogHelper  : HHH000204: Processing PersistenceUnitInfo [name: default]
2026-09-02T17:28:07.974+02:00  INFO 5508 --- [testspring] [restartedMain] org.hibernate.Version                    : HHH000412: Hibernate ORM core version 6.6.53.Final
2026-09-02T17:28:08.021+02:00  INFO 5508 --- [testspring] [restartedMain] o.h.c.internal.RegionFactoryInitiator    : HHH000026: Second-level cache disabled
2026-09-02T17:28:08.390+02:00  INFO 5508 --- [testspring] [restartedMain] o.s.o.j.p.SpringPersistenceUnitInfo      : No LoadTimeWeaver setup: ignoring JPA class transformer
2026-09-02T17:28:08.482+02:00  INFO 5508 --- [testspring] [restartedMain] org.hibernate.orm.connections.pooling    : HHH10001005: Database info:
	Database JDBC URL [Connecting through datasource 'HikariDataSource (HikariPool-1)']
	Database driver: undefined/unknown
	Database version: 2.3.232
	Autocommit mode: undefined/unknown
	Isolation level: undefined/unknown
	Minimum pool size: undefined/unknown
	Maximum pool size: undefined/unknown
2026-09-02T17:28:09.616+02:00  INFO 5508 --- [testspring] [restartedMain] o.h.e.t.j.p.i.JtaPlatformInitiator       : HHH000489: No JTA platform available (set 'hibernate.transaction.jta.platform' to enable JTA platform integration)
2026-09-02T17:28:09.675+02:00  INFO 5508 --- [testspring] [restartedMain] j.LocalContainerEntityManagerFactoryBean : Initialized JPA EntityManagerFactory for persistence unit 'default'
2026-09-02T17:28:10.090+02:00  INFO 5508 --- [testspring] [restartedMain] o.s.d.j.r.query.QueryEnhancerFactory     : Hibernate is in classpath; If applicable, HQL parser will be used.
2026-09-02T17:28:10.314+02:00  WARN 5508 --- [testspring] [restartedMain] JpaBaseConfiguration$JpaWebConfiguration : spring.jpa.open-in-view is enabled by default. Therefore, database queries may be performed during view rendering. Explicitly configure spring.jpa.open-in-view to disable this warning
2026-09-02T17:28:10.360+02:00  INFO 5508 --- [testspring] [restartedMain] o.s.b.a.w.s.WelcomePageHandlerMapping    : Adding welcome page template: index
2026-09-02T17:28:10.628+02:00  INFO 5508 --- [testspring] [restartedMain] eAuthenticationProviderManagerConfigurer : Global AuthenticationManager configured with AuthenticationProvider bean with name daoAuthenticationProvider
2026-09-02T17:28:10.629+02:00  WARN 5508 --- [testspring] [restartedMain] r$InitializeUserDetailsManagerConfigurer : Global AuthenticationManager configured with an AuthenticationProvider bean. UserDetailsService beans will not be used by Spring Security for automatically configuring username/password login. Consider removing the AuthenticationProvider bean. Alternatively, consider using the UserDetailsService in a manually instantiated DaoAuthenticationProvider. If the current configuration is intentional, to turn off this warning, increase the logging level of 'org.springframework.security.config.annotation.authentication.configuration.InitializeUserDetailsBeanManagerConfigurer' to ERROR
2026-09-02T17:28:10.782+02:00  INFO 5508 --- [testspring] [restartedMain] o.c.c.t.config.WebSecurityConfig         : *********** httpSecurity.getSharedObjects()= {interface org.springframework.context.ApplicationContext=org.springframework.boot.web.servlet.context.AnnotationConfigServletWebServerApplicationContext@cfa7766, started on Wed Sep 02 17:28:05 CEST 2026, class org.springframework.security.config.annotation.authentication.builders.AuthenticationManagerBuilder=org.springframework.security.config.annotation.web.configuration.HttpSecurityConfiguration$DefaultPasswordEncoderAuthenticationManagerBuilder@8c2c672, interface org.springframework.web.accept.ContentNegotiationStrategy=org.springframework.web.accept.ContentNegotiationManager@7990dc38}
2026-09-02T17:28:11.248+02:00  INFO 5508 --- [testspring] [restartedMain] o.s.b.a.h2.H2ConsoleAutoConfiguration    : H2 console available at '/h2'. Database available at 'jdbc:h2:mem:testspring'
2026-09-02T17:28:11.560+02:00  INFO 5508 --- [testspring] [restartedMain] o.s.b.d.a.OptionalLiveReloadServer       : LiveReload server is running on port 35729
2026-09-02T17:28:11.633+02:00  INFO 5508 --- [testspring] [restartedMain] o.s.b.w.embedded.tomcat.TomcatWebServer  : Tomcat started on port 8080 (http) with context path '/testspring'
2026-09-02T17:28:11.645+02:00  INFO 5508 --- [testspring] [restartedMain] o.c.c.testspring.TestspringApplication   : Started TestspringApplication in 7.973 seconds (process running for 13.186)
2026-09-02T17:28:11.649+02:00  INFO 5508 --- [testspring] [restartedMain] o.c.c.testspring.config.DataInitializer  : Initializing H2 Database...
2026-09-02T17:28:11.897+02:00  INFO 5508 --- [testspring] [restartedMain] .s.b.a.l.ConditionEvaluationReportLogger : 

Error starting ApplicationContext. To display the condition evaluation report re-run your application with 'debug' enabled.
2026-09-02T17:28:11.922+02:00 ERROR 5508 --- [testspring] [restartedMain] o.s.boot.SpringApplication               : Application run failed

org.springframework.orm.ObjectOptimisticLockingFailureException: Row was updated or deleted by another transaction (or unsaved-value mapping was incorrect): [org.core.curso.testspring.data.model.Product#1]
	at org.springframework.orm.jpa.vendor.HibernateJpaDialect.convertHibernateAccessException(HibernateJpaDialect.java:329) ~[spring-orm-6.2.19.jar:6.2.19]
	at org.springframework.orm.jpa.vendor.HibernateJpaDialect.convertHibernateAccessException(HibernateJpaDialect.java:256) ~[spring-orm-6.2.19.jar:6.2.19]
	at org.springframework.orm.jpa.vendor.HibernateJpaDialect.translateExceptionIfPossible(HibernateJpaDialect.java:244) ~[spring-orm-6.2.19.jar:6.2.19]
	at org.springframework.orm.jpa.AbstractEntityManagerFactoryBean.translateExceptionIfPossible(AbstractEntityManagerFactoryBean.java:560) ~[spring-orm-6.2.19.jar:6.2.19]
	at org.springframework.dao.support.ChainedPersistenceExceptionTranslator.translateExceptionIfPossible(ChainedPersistenceExceptionTranslator.java:61) ~[spring-tx-6.2.19.jar:6.2.19]
	at org.springframework.dao.support.DataAccessUtils.translateIfNecessary(DataAccessUtils.java:343) ~[spring-tx-6.2.19.jar:6.2.19]
	at org.springframework.dao.support.PersistenceExceptionTranslationInterceptor.invoke(PersistenceExceptionTranslationInterceptor.java:160) ~[spring-tx-6.2.19.jar:6.2.19]
	at org.springframework.aop.framework.ReflectiveMethodInvocation.proceed(ReflectiveMethodInvocation.java:184) ~[spring-aop-6.2.19.jar:6.2.19]
	at org.springframework.data.jpa.repository.support.CrudMethodMetadataPostProcessor$CrudMethodMetadataPopulatingMethodInterceptor.invoke(CrudMethodMetadataPostProcessor.java:165) ~[spring-data-jpa-3.5.13.jar:3.5.13]
	at org.springframework.aop.framework.ReflectiveMethodInvocation.proceed(ReflectiveMethodInvocation.java:184) ~[spring-aop-6.2.19.jar:6.2.19]
	at org.springframework.aop.framework.JdkDynamicAopProxy.invoke(JdkDynamicAopProxy.java:223) ~[spring-aop-6.2.19.jar:6.2.19]
	at jdk.proxy4/jdk.proxy4.$Proxy149.save(Unknown Source) ~[na:na]
	at org.core.curso.testspring.serviceImpl.ProductService.saveDataTest(ProductService.java:59) ~[classes/:na]
	at org.core.curso.testspring.config.DataInitializer.initialize(DataInitializer.java:52) ~[classes/:na]
	at org.core.curso.testspring.TestspringApplication.lambda$0(TestspringApplication.java:28) ~[classes/:na]
	at org.springframework.boot.SpringApplication.lambda$callRunner$5(SpringApplication.java:788) ~[spring-boot-3.5.16.jar:3.5.16]
	at org.springframework.util.function.ThrowingConsumer$1.acceptWithException(ThrowingConsumer.java:82) ~[spring-core-6.2.19.jar:6.2.19]
	at org.springframework.util.function.ThrowingConsumer.accept(ThrowingConsumer.java:60) ~[spring-core-6.2.19.jar:6.2.19]
	at org.springframework.util.function.ThrowingConsumer$1.accept(ThrowingConsumer.java:86) ~[spring-core-6.2.19.jar:6.2.19]
	at org.springframework.boot.SpringApplication.callRunner(SpringApplication.java:796) ~[spring-boot-3.5.16.jar:3.5.16]
	at org.springframework.boot.SpringApplication.callRunner(SpringApplication.java:787) ~[spring-boot-3.5.16.jar:3.5.16]
	at org.springframework.boot.SpringApplication.lambda$callRunners$3(SpringApplication.java:772) ~[spring-boot-3.5.16.jar:3.5.16]
	at java.base/java.util.stream.ForEachOps$ForEachOp$OfRef.accept(ForEachOps.java:184) ~[na:na]
	at java.base/java.util.stream.SortedOps$SizedRefSortingSink.end(SortedOps.java:357) ~[na:na]
	at java.base/java.util.stream.AbstractPipeline.copyInto(AbstractPipeline.java:510) ~[na:na]
	at java.base/java.util.stream.AbstractPipeline.wrapAndCopyInto(AbstractPipeline.java:499) ~[na:na]
	at java.base/java.util.stream.ForEachOps$ForEachOp.evaluateSequential(ForEachOps.java:151) ~[na:na]
	at java.base/java.util.stream.ForEachOps$ForEachOp$OfRef.evaluateSequential(ForEachOps.java:174) ~[na:na]
	at java.base/java.util.stream.AbstractPipeline.evaluate(AbstractPipeline.java:234) ~[na:na]
	at java.base/java.util.stream.ReferencePipeline.forEach(ReferencePipeline.java:596) ~[na:na]
	at org.springframework.boot.SpringApplication.callRunners(SpringApplication.java:772) ~[spring-boot-3.5.16.jar:3.5.16]
	at org.springframework.boot.SpringApplication.run(SpringApplication.java:325) ~[spring-boot-3.5.16.jar:3.5.16]
	at org.springframework.boot.SpringApplication.run(SpringApplication.java:1361) ~[spring-boot-3.5.16.jar:3.5.16]
	at org.springframework.boot.SpringApplication.run(SpringApplication.java:1350) ~[spring-boot-3.5.16.jar:3.5.16]
	at org.core.curso.testspring.TestspringApplication.main(TestspringApplication.java:19) ~[classes/:na]
	at java.base/jdk.internal.reflect.DirectMethodHandleAccessor.invoke(DirectMethodHandleAccessor.java:103) ~[na:na]
	at java.base/java.lang.reflect.Method.invoke(Method.java:580) ~[na:na]
	at org.springframework.boot.devtools.restart.RestartLauncher.run(RestartLauncher.java:50) ~[spring-boot-devtools-3.5.16.jar:3.5.16]
Caused by: org.hibernate.StaleObjectStateException: Row was updated or deleted by another transaction (or unsaved-value mapping was incorrect): [org.core.curso.testspring.data.model.Product#1]
	at org.hibernate.event.internal.DefaultMergeEventListener.entityIsDetached(DefaultMergeEventListener.java:426) ~[hibernate-core-6.6.53.Final.jar:6.6.53.Final]
	at org.hibernate.event.internal.DefaultMergeEventListener.merge(DefaultMergeEventListener.java:214) ~[hibernate-core-6.6.53.Final.jar:6.6.53.Final]
	at org.hibernate.event.internal.DefaultMergeEventListener.doMerge(DefaultMergeEventListener.java:152) ~[hibernate-core-6.6.53.Final.jar:6.6.53.Final]
	at org.hibernate.event.internal.DefaultMergeEventListener.onMerge(DefaultMergeEventListener.java:136) ~[hibernate-core-6.6.53.Final.jar:6.6.53.Final]
	at org.hibernate.event.internal.DefaultMergeEventListener.onMerge(DefaultMergeEventListener.java:89) ~[hibernate-core-6.6.53.Final.jar:6.6.53.Final]
	at org.hibernate.event.service.internal.EventListenerGroupImpl.fireEventOnEachListener(EventListenerGroupImpl.java:127) ~[hibernate-core-6.6.53.Final.jar:6.6.53.Final]
	at org.hibernate.internal.SessionImpl.fireMerge(SessionImpl.java:854) ~[hibernate-core-6.6.53.Final.jar:6.6.53.Final]
	at org.hibernate.internal.SessionImpl.merge(SessionImpl.java:840) ~[hibernate-core-6.6.53.Final.jar:6.6.53.Final]
	at java.base/jdk.internal.reflect.DirectMethodHandleAccessor.invoke(DirectMethodHandleAccessor.java:103) ~[na:na]
	at java.base/java.lang.reflect.Method.invoke(Method.java:580) ~[na:na]
	at org.springframework.orm.jpa.SharedEntityManagerCreator$SharedEntityManagerInvocationHandler.invoke(SharedEntityManagerCreator.java:320) ~[spring-orm-6.2.19.jar:6.2.19]
	at jdk.proxy4/jdk.proxy4.$Proxy137.merge(Unknown Source) ~[na:na]
	at org.springframework.data.jpa.repository.support.SimpleJpaRepository.save(SimpleJpaRepository.java:657) ~[spring-data-jpa-3.5.13.jar:3.5.13]
	at java.base/jdk.internal.reflect.DirectMethodHandleAccessor.invoke(DirectMethodHandleAccessor.java:103) ~[na:na]
	at java.base/java.lang.reflect.Method.invoke(Method.java:580) ~[na:na]
	at org.springframework.aop.support.AopUtils.invokeJoinpointUsingReflection(AopUtils.java:360) ~[spring-aop-6.2.19.jar:6.2.19]
	at org.springframework.data.repository.core.support.RepositoryMethodInvoker$RepositoryFragmentMethodInvoker.lambda$new$0(RepositoryMethodInvoker.java:277) ~[spring-data-commons-3.5.13.jar:3.5.13]
	at org.springframework.data.repository.core.support.RepositoryMethodInvoker.doInvoke(RepositoryMethodInvoker.java:170) ~[spring-data-commons-3.5.13.jar:3.5.13]
	at org.springframework.data.repository.core.support.RepositoryMethodInvoker.invoke(RepositoryMethodInvoker.java:158) ~[spring-data-commons-3.5.13.jar:3.5.13]
	at org.springframework.data.repository.core.support.RepositoryComposition$RepositoryFragments.invoke(RepositoryComposition.java:515) ~[spring-data-commons-3.5.13.jar:3.5.13]
	at org.springframework.data.repository.core.support.RepositoryComposition.invoke(RepositoryComposition.java:284) ~[spring-data-commons-3.5.13.jar:3.5.13]
	at org.springframework.data.repository.core.support.RepositoryFactorySupport$ImplementationMethodExecutionInterceptor.invoke(RepositoryFactorySupport.java:720) ~[spring-data-commons-3.5.13.jar:3.5.13]
	at org.springframework.aop.framework.ReflectiveMethodInvocation.proceed(ReflectiveMethodInvocation.java:184) ~[spring-aop-6.2.19.jar:6.2.19]
	at org.springframework.data.repository.core.support.QueryExecutorMethodInterceptor.doInvoke(QueryExecutorMethodInterceptor.java:174) ~[spring-data-commons-3.5.13.jar:3.5.13]
	at org.springframework.data.repository.core.support.QueryExecutorMethodInterceptor.invoke(QueryExecutorMethodInterceptor.java:149) ~[spring-data-commons-3.5.13.jar:3.5.13]
	at org.springframework.aop.framework.ReflectiveMethodInvocation.proceed(ReflectiveMethodInvocation.java:184) ~[spring-aop-6.2.19.jar:6.2.19]
	at org.springframework.data.projection.DefaultMethodInvokingMethodInterceptor.invoke(DefaultMethodInvokingMethodInterceptor.java:69) ~[spring-data-commons-3.5.13.jar:3.5.13]
	at org.springframework.aop.framework.ReflectiveMethodInvocation.proceed(ReflectiveMethodInvocation.java:184) ~[spring-aop-6.2.19.jar:6.2.19]
	at org.springframework.transaction.interceptor.TransactionAspectSupport.invokeWithinTransaction(TransactionAspectSupport.java:380) ~[spring-tx-6.2.19.jar:6.2.19]
	at org.springframework.transaction.interceptor.TransactionInterceptor.invoke(TransactionInterceptor.java:119) ~[spring-tx-6.2.19.jar:6.2.19]
	at org.springframework.aop.framework.ReflectiveMethodInvocation.proceed(ReflectiveMethodInvocation.java:184) ~[spring-aop-6.2.19.jar:6.2.19]
	at org.springframework.dao.support.PersistenceExceptionTranslationInterceptor.invoke(PersistenceExceptionTranslationInterceptor.java:138) ~[spring-tx-6.2.19.jar:6.2.19]
	... 31 common frames omitted

2026-09-02T17:28:11.933+02:00  INFO 5508 --- [testspring] [restartedMain] o.s.b.w.e.tomcat.GracefulShutdown        : Commencing graceful shutdown. Waiting for active requests to complete
2026-09-02T17:28:11.950+02:00  INFO 5508 --- [testspring] [tomcat-shutdown] o.s.b.w.e.tomcat.GracefulShutdown        : Graceful shutdown complete
2026-09-02T17:28:11.957+02:00  INFO 5508 --- [testspring] [restartedMain] j.LocalContainerEntityManagerFactoryBean : Closing JPA EntityManagerFactory for persistence unit 'default'
2026-09-02T17:28:11.965+02:00  WARN 5508 --- [testspring] [restartedMain] o.s.b.f.support.DisposableBeanAdapter    : Invocation of destroy method failed on bean with name 'inMemoryDatabaseShutdownExecutor': org.h2.jdbc.JdbcSQLNonTransientConnectionException: La base de datos ya esta cerrada (para des-habilitar el cerrado automatico durante el shutdown de la VM, agregue ";DB_CLOSE_ON_EXIT=FALSE" a la URL de conexión)
Database is already closed (to disable automatic closing at VM shutdown, add ";DB_CLOSE_ON_EXIT=FALSE" to the db URL) [90121-232]
2026-09-02T17:28:11.966+02:00  INFO 5508 --- [testspring] [restartedMain] com.zaxxer.hikari.HikariDataSource       : HikariPool-1 - Shutdown initiated...
2026-09-02T17:28:11.970+02:00  INFO 5508 --- [testspring] [restartedMain] com.zaxxer.hikari.HikariDataSource       : HikariPool-1 - Shutdown completed.
2026-09-02T17:29:53.611+02:00  INFO 4132 --- [testspring] [restartedMain] o.c.c.testspring.TestspringApplication   : Starting TestspringApplication using Java 21.0.11 with PID 4132 (C:\Users\Profesortarde\EclipseProjects\testspring\target\classes started by Profesortarde in C:\Users\Profesortarde\EclipseProjects\testspring)
2026-09-02T17:29:53.615+02:00  INFO 4132 --- [testspring] [restartedMain] o.c.c.testspring.TestspringApplication   : No active profile set, falling back to 1 default profile: "default"
2026-09-02T17:29:53.906+02:00  INFO 4132 --- [testspring] [restartedMain] .e.DevToolsPropertyDefaultsPostProcessor : Devtools property defaults active! Set 'spring.devtools.add-properties' to 'false' to disable
2026-09-02T17:29:53.907+02:00  INFO 4132 --- [testspring] [restartedMain] .e.DevToolsPropertyDefaultsPostProcessor : For additional web related logging consider setting the 'logging.level.web' property to 'DEBUG'
2026-09-02T17:29:54.713+02:00  INFO 4132 --- [testspring] [restartedMain] .s.d.r.c.RepositoryConfigurationDelegate : Bootstrapping Spring Data JPA repositories in DEFAULT mode.
2026-09-02T17:29:54.793+02:00  INFO 4132 --- [testspring] [restartedMain] .s.d.r.c.RepositoryConfigurationDelegate : Finished Spring Data repository scanning in 69 ms. Found 6 JPA repository interfaces.
2026-09-02T17:29:55.499+02:00  INFO 4132 --- [testspring] [restartedMain] o.s.b.w.embedded.tomcat.TomcatWebServer  : Tomcat initialized with port 8080 (http)
2026-09-02T17:29:55.518+02:00  INFO 4132 --- [testspring] [restartedMain] o.apache.catalina.core.StandardService   : Starting service [Tomcat]
2026-09-02T17:29:55.519+02:00  INFO 4132 --- [testspring] [restartedMain] o.apache.catalina.core.StandardEngine    : Starting Servlet engine: [Apache Tomcat/10.1.55]
2026-09-02T17:29:55.579+02:00  INFO 4132 --- [testspring] [restartedMain] o.a.c.c.C.[.[localhost].[/testspring]    : Initializing Spring embedded WebApplicationContext
2026-09-02T17:29:55.580+02:00  INFO 4132 --- [testspring] [restartedMain] w.s.c.ServletWebServerApplicationContext : Root WebApplicationContext: initialization completed in 1672 ms
2026-09-02T17:29:55.767+02:00  INFO 4132 --- [testspring] [restartedMain] com.zaxxer.hikari.HikariDataSource       : HikariPool-1 - Starting...
2026-09-02T17:29:55.948+02:00  INFO 4132 --- [testspring] [restartedMain] com.zaxxer.hikari.pool.HikariPool        : HikariPool-1 - Added connection conn0: url=jdbc:h2:mem:testspring user=SAS
2026-09-02T17:29:55.951+02:00  INFO 4132 --- [testspring] [restartedMain] com.zaxxer.hikari.HikariDataSource       : HikariPool-1 - Start completed.
2026-09-02T17:29:56.077+02:00  INFO 4132 --- [testspring] [restartedMain] o.hibernate.jpa.internal.util.LogHelper  : HHH000204: Processing PersistenceUnitInfo [name: default]
2026-09-02T17:29:56.140+02:00  INFO 4132 --- [testspring] [restartedMain] org.hibernate.Version                    : HHH000412: Hibernate ORM core version 6.6.53.Final
2026-09-02T17:29:56.176+02:00  INFO 4132 --- [testspring] [restartedMain] o.h.c.internal.RegionFactoryInitiator    : HHH000026: Second-level cache disabled
2026-09-02T17:29:56.425+02:00  INFO 4132 --- [testspring] [restartedMain] o.s.o.j.p.SpringPersistenceUnitInfo      : No LoadTimeWeaver setup: ignoring JPA class transformer
2026-09-02T17:29:56.500+02:00  INFO 4132 --- [testspring] [restartedMain] org.hibernate.orm.connections.pooling    : HHH10001005: Database info:
	Database JDBC URL [Connecting through datasource 'HikariDataSource (HikariPool-1)']
	Database driver: undefined/unknown
	Database version: 2.3.232
	Autocommit mode: undefined/unknown
	Isolation level: undefined/unknown
	Minimum pool size: undefined/unknown
	Maximum pool size: undefined/unknown
2026-09-02T17:29:57.519+02:00  INFO 4132 --- [testspring] [restartedMain] o.h.e.t.j.p.i.JtaPlatformInitiator       : HHH000489: No JTA platform available (set 'hibernate.transaction.jta.platform' to enable JTA platform integration)
2026-09-02T17:29:57.570+02:00  INFO 4132 --- [testspring] [restartedMain] j.LocalContainerEntityManagerFactoryBean : Initialized JPA EntityManagerFactory for persistence unit 'default'
2026-09-02T17:29:57.945+02:00  INFO 4132 --- [testspring] [restartedMain] o.s.d.j.r.query.QueryEnhancerFactory     : Hibernate is in classpath; If applicable, HQL parser will be used.
2026-09-02T17:29:58.146+02:00  WARN 4132 --- [testspring] [restartedMain] JpaBaseConfiguration$JpaWebConfiguration : spring.jpa.open-in-view is enabled by default. Therefore, database queries may be performed during view rendering. Explicitly configure spring.jpa.open-in-view to disable this warning
2026-09-02T17:29:58.193+02:00  INFO 4132 --- [testspring] [restartedMain] o.s.b.a.w.s.WelcomePageHandlerMapping    : Adding welcome page template: index
2026-09-02T17:29:58.445+02:00  INFO 4132 --- [testspring] [restartedMain] eAuthenticationProviderManagerConfigurer : Global AuthenticationManager configured with AuthenticationProvider bean with name daoAuthenticationProvider
2026-09-02T17:29:58.446+02:00  WARN 4132 --- [testspring] [restartedMain] r$InitializeUserDetailsManagerConfigurer : Global AuthenticationManager configured with an AuthenticationProvider bean. UserDetailsService beans will not be used by Spring Security for automatically configuring username/password login. Consider removing the AuthenticationProvider bean. Alternatively, consider using the UserDetailsService in a manually instantiated DaoAuthenticationProvider. If the current configuration is intentional, to turn off this warning, increase the logging level of 'org.springframework.security.config.annotation.authentication.configuration.InitializeUserDetailsBeanManagerConfigurer' to ERROR
2026-09-02T17:29:58.531+02:00  INFO 4132 --- [testspring] [restartedMain] o.c.c.t.config.WebSecurityConfig         : *********** httpSecurity.getSharedObjects()= {interface org.springframework.web.accept.ContentNegotiationStrategy=org.springframework.web.accept.ContentNegotiationManager@e16107d, interface org.springframework.context.ApplicationContext=org.springframework.boot.web.servlet.context.AnnotationConfigServletWebServerApplicationContext@27d3401b, started on Wed Sep 02 17:29:53 CEST 2026, class org.springframework.security.config.annotation.authentication.builders.AuthenticationManagerBuilder=org.springframework.security.config.annotation.web.configuration.HttpSecurityConfiguration$DefaultPasswordEncoderAuthenticationManagerBuilder@62bd5641}
2026-09-02T17:29:58.940+02:00  INFO 4132 --- [testspring] [restartedMain] o.s.b.a.h2.H2ConsoleAutoConfiguration    : H2 console available at '/h2'. Database available at 'jdbc:h2:mem:testspring'
2026-09-02T17:29:59.296+02:00  INFO 4132 --- [testspring] [restartedMain] o.s.b.d.a.OptionalLiveReloadServer       : LiveReload server is running on port 35729
2026-09-02T17:29:59.352+02:00  INFO 4132 --- [testspring] [restartedMain] o.s.b.w.embedded.tomcat.TomcatWebServer  : Tomcat started on port 8080 (http) with context path '/testspring'
2026-09-02T17:29:59.363+02:00  INFO 4132 --- [testspring] [restartedMain] o.c.c.testspring.TestspringApplication   : Started TestspringApplication in 6.213 seconds (process running for 7.057)
2026-09-02T17:29:59.368+02:00  INFO 4132 --- [testspring] [restartedMain] o.c.c.testspring.config.DataInitializer  : Initializing H2 Database...
2026-09-02T17:29:59.622+02:00  INFO 4132 --- [testspring] [restartedMain] o.c.c.testspring.config.DataInitializer  : Initialization finished.
2026-09-02T17:30:14.122+02:00  INFO 4132 --- [testspring] [http-nio-8080-exec-1] o.a.c.c.C.[.[localhost].[/testspring]    : Initializing Spring DispatcherServlet 'dispatcherServlet'
2026-09-02T17:30:14.123+02:00  INFO 4132 --- [testspring] [http-nio-8080-exec-1] o.s.web.servlet.DispatcherServlet        : Initializing Servlet 'dispatcherServlet'
2026-09-02T17:30:14.124+02:00  INFO 4132 --- [testspring] [http-nio-8080-exec-1] o.s.web.servlet.DispatcherServlet        : Completed initialization in 1 ms
2026-09-02T17:30:14.197+02:00  INFO 4132 --- [testspring] [http-nio-8080-exec-1] o.c.c.t.controller.StartController       : TRAZA indexGet
2026-09-02T17:30:31.605+02:00  INFO 4132 --- [testspring] [http-nio-8080-exec-4] o.c.c.t.serviceImpl.UserService          : Usuario autenticado: curso -> Usuario del curso
2026-09-02T17:30:31.929+02:00  INFO 4132 --- [testspring] [http-nio-8080-exec-4] o.core.curso.testspring.data.model.User  : 	|ADMIN|
2026-09-02T17:30:31.930+02:00  INFO 4132 --- [testspring] [http-nio-8080-exec-4] o.core.curso.testspring.data.model.User  : 	|CUSTOMER|
2026-09-02T17:32:31.358+02:00  INFO 4132 --- [testspring] [RMI TCP Connection(6)-127.0.0.1] inMXBeanRegistrar$SpringApplicationAdmin : Application shutdown requested.
2026-09-02T17:32:31.362+02:00  INFO 4132 --- [testspring] [RMI TCP Connection(6)-127.0.0.1] o.s.b.w.e.tomcat.GracefulShutdown        : Commencing graceful shutdown. Waiting for active requests to complete
2026-09-02T17:32:31.374+02:00  INFO 4132 --- [testspring] [tomcat-shutdown] o.s.b.w.e.tomcat.GracefulShutdown        : Graceful shutdown complete
2026-09-02T17:32:31.381+02:00  INFO 4132 --- [testspring] [RMI TCP Connection(6)-127.0.0.1] j.LocalContainerEntityManagerFactoryBean : Closing JPA EntityManagerFactory for persistence unit 'default'
2026-09-02T17:32:31.387+02:00  WARN 4132 --- [testspring] [RMI TCP Connection(6)-127.0.0.1] o.s.b.f.support.DisposableBeanAdapter    : Invocation of destroy method failed on bean with name 'inMemoryDatabaseShutdownExecutor': org.h2.jdbc.JdbcSQLNonTransientConnectionException: La base de datos ya esta cerrada (para des-habilitar el cerrado automatico durante el shutdown de la VM, agregue ";DB_CLOSE_ON_EXIT=FALSE" a la URL de conexión)
Database is already closed (to disable automatic closing at VM shutdown, add ";DB_CLOSE_ON_EXIT=FALSE" to the db URL) [90121-232]
2026-09-02T17:32:31.387+02:00  INFO 4132 --- [testspring] [RMI TCP Connection(6)-127.0.0.1] com.zaxxer.hikari.HikariDataSource       : HikariPool-1 - Shutdown initiated...
2026-09-02T17:32:31.389+02:00  INFO 4132 --- [testspring] [RMI TCP Connection(6)-127.0.0.1] com.zaxxer.hikari.HikariDataSource       : HikariPool-1 - Shutdown completed.
